Archive member included to satisfy reference by file (symbol)

c:/program files (x86)/atmel/studio/7.0/toolchain/avr8/avr8-gnu-toolchain/bin/../lib/gcc/avr/5.4.0/../../../../avr/lib/avr5\libm.a(addsf3.o)
                              HAL/src/GPS.o (__subsf3)
c:/program files (x86)/atmel/studio/7.0/toolchain/avr8/avr8-gnu-toolchain/bin/../lib/gcc/avr/5.4.0/../../../../avr/lib/avr5\libm.a(addsf3x.o)
                              c:/program files (x86)/atmel/studio/7.0/toolchain/avr8/avr8-gnu-toolchain/bin/../lib/gcc/avr/5.4.0/../../../../avr/lib/avr5\libm.a(addsf3.o) (__addsf3x)
c:/program files (x86)/atmel/studio/7.0/toolchain/avr8/avr8-gnu-toolchain/bin/../lib/gcc/avr/5.4.0/../../../../avr/lib/avr5\libm.a(divsf3.o)
                              APPs/src/APPS.o (__divsf3)
c:/program files (x86)/atmel/studio/7.0/toolchain/avr8/avr8-gnu-toolchain/bin/../lib/gcc/avr/5.4.0/../../../../avr/lib/avr5\libm.a(divsf3x.o)
                              c:/program files (x86)/atmel/studio/7.0/toolchain/avr8/avr8-gnu-toolchain/bin/../lib/gcc/avr/5.4.0/../../../../avr/lib/avr5\libm.a(divsf3.o) (__divsf3x)
c:/program files (x86)/atmel/studio/7.0/toolchain/avr8/avr8-gnu-toolchain/bin/../lib/gcc/avr/5.4.0/../../../../avr/lib/avr5\libm.a(fixsfsi.o)
                              HAL/src/GPS.o (__fixsfsi)
c:/program files (x86)/atmel/studio/7.0/toolchain/avr8/avr8-gnu-toolchain/bin/../lib/gcc/avr/5.4.0/../../../../avr/lib/avr5\libm.a(fixunssfsi.o)
                              APPs/src/APPS.o (__fixunssfsi)
c:/program files (x86)/atmel/studio/7.0/toolchain/avr8/avr8-gnu-toolchain/bin/../lib/gcc/avr/5.4.0/../../../../avr/lib/avr5\libm.a(floatsisf.o)
                              APPs/src/APPS.o (__floatunsisf)
c:/program files (x86)/atmel/studio/7.0/toolchain/avr8/avr8-gnu-toolchain/bin/../lib/gcc/avr/5.4.0/../../../../avr/lib/avr5\libm.a(fp_inf.o)
                              c:/program files (x86)/atmel/studio/7.0/toolchain/avr8/avr8-gnu-toolchain/bin/../lib/gcc/avr/5.4.0/../../../../avr/lib/avr5\libm.a(addsf3x.o) (__fp_inf)
c:/program files (x86)/atmel/studio/7.0/toolchain/avr8/avr8-gnu-toolchain/bin/../lib/gcc/avr/5.4.0/../../../../avr/lib/avr5\libm.a(fp_nan.o)
                              c:/program files (x86)/atmel/studio/7.0/toolchain/avr8/avr8-gnu-toolchain/bin/../lib/gcc/avr/5.4.0/../../../../avr/lib/avr5\libm.a(addsf3x.o) (__fp_nan)
c:/program files (x86)/atmel/studio/7.0/toolchain/avr8/avr8-gnu-toolchain/bin/../lib/gcc/avr/5.4.0/../../../../avr/lib/avr5\libm.a(fp_pscA.o)
                              c:/program files (x86)/atmel/studio/7.0/toolchain/avr8/avr8-gnu-toolchain/bin/../lib/gcc/avr/5.4.0/../../../../avr/lib/avr5\libm.a(addsf3x.o) (__fp_pscA)
c:/program files (x86)/atmel/studio/7.0/toolchain/avr8/avr8-gnu-toolchain/bin/../lib/gcc/avr/5.4.0/../../../../avr/lib/avr5\libm.a(fp_pscB.o)
                              c:/program files (x86)/atmel/studio/7.0/toolchain/avr8/avr8-gnu-toolchain/bin/../lib/gcc/avr/5.4.0/../../../../avr/lib/avr5\libm.a(addsf3x.o) (__fp_pscB)
c:/program files (x86)/atmel/studio/7.0/toolchain/avr8/avr8-gnu-toolchain/bin/../lib/gcc/avr/5.4.0/../../../../avr/lib/avr5\libm.a(fp_round.o)
                              c:/program files (x86)/atmel/studio/7.0/toolchain/avr8/avr8-gnu-toolchain/bin/../lib/gcc/avr/5.4.0/../../../../avr/lib/avr5\libm.a(addsf3.o) (__fp_round)
c:/program files (x86)/atmel/studio/7.0/toolchain/avr8/avr8-gnu-toolchain/bin/../lib/gcc/avr/5.4.0/../../../../avr/lib/avr5\libm.a(fp_split3.o)
                              c:/program files (x86)/atmel/studio/7.0/toolchain/avr8/avr8-gnu-toolchain/bin/../lib/gcc/avr/5.4.0/../../../../avr/lib/avr5\libm.a(addsf3x.o) (__fp_split3)
c:/program files (x86)/atmel/studio/7.0/toolchain/avr8/avr8-gnu-toolchain/bin/../lib/gcc/avr/5.4.0/../../../../avr/lib/avr5\libm.a(fp_zero.o)
                              c:/program files (x86)/atmel/studio/7.0/toolchain/avr8/avr8-gnu-toolchain/bin/../lib/gcc/avr/5.4.0/../../../../avr/lib/avr5\libm.a(addsf3x.o) (__fp_zero)
c:/program files (x86)/atmel/studio/7.0/toolchain/avr8/avr8-gnu-toolchain/bin/../lib/gcc/avr/5.4.0/../../../../avr/lib/avr5\libm.a(mulsf3.o)
                              APPs/src/APPS.o (__mulsf3)
c:/program files (x86)/atmel/studio/7.0/toolchain/avr8/avr8-gnu-toolchain/bin/../lib/gcc/avr/5.4.0/../../../../avr/lib/avr5\libm.a(mulsf3x.o)
                              c:/program files (x86)/atmel/studio/7.0/toolchain/avr8/avr8-gnu-toolchain/bin/../lib/gcc/avr/5.4.0/../../../../avr/lib/avr5\libm.a(mulsf3.o) (__mulsf3x)
c:/program files (x86)/atmel/studio/7.0/toolchain/avr8/avr8-gnu-toolchain/bin/../lib/gcc/avr/5.4.0/avr5\libgcc.a(_udivmodsi4.o)
                              APPs/src/APPS.o (__udivmodsi4)
c:/program files (x86)/atmel/studio/7.0/toolchain/avr8/avr8-gnu-toolchain/bin/../lib/gcc/avr/5.4.0/avr5\libgcc.a(_exit.o)
                              C:/Program Files (x86)/Atmel/Studio/7.0/Packs/atmel/ATmega_DFP/1.1.130/gcc/dev/atmega32/avr5/crtatmega32.o (exit)
[...]
Memory Configuration

Name             Origin             Length             Attributes
text             0x00000000         0x00020000         xr
data             0x00800060         0x0000ffa0         rw !x
eeprom           0x00810000         0x00010000         rw !x
fuse             0x00820000         0x00000002         rw !x
lock             0x00830000         0x00000400         rw !x
signature        0x00840000         0x00000400         rw !x
user_signatures  0x00850000         0x00000400         rw !x
*default*        0x00000000         0xffffffff

Linker script and memory map

LOAD C:/Program Files (x86)/Atmel/Studio/7.0/Packs/atmel/ATmega_DFP/1.1.130/gcc/dev/atmega32/avr5/crtatmega32.o
LOAD APPs/src/APPS.o
LOAD app/main.o
LOAD HAL/src/ExtEEPROM.o
LOAD HAL/src/DHT.o
LOAD HAL/src/GLCD.o
LOAD HAL/src/GPS.o
LOAD HAL/src/I2C EEPROM.o
LOAD HAL/src/KEYPAD.o
LOAD HAL/src/LCD.o
LOAD HAL/src/RTC.o
LOAD HAL/src/SERVO.o
LOAD MCAL/EXT_INT.o
LOAD MCAL/src/ADC.o
LOAD MCAL/src/DIO.o
LOAD MCAL/src/I2C.o
LOAD MCAL/src/spi.o
LOAD MCAL/src/Timers.o
LOAD MCAL/src/UART.o
LOAD services/MQTT/MQTT.o
LOAD Smart Home/src/SmartHome.o
START GROUP
LOAD c:/program files (x86)/atmel/studio/7.0/toolchain/avr8/avr8-gnu-toolchain/bin/../lib/gcc/avr/5.4.0/../../../../avr/lib/avr5\libm.a
END GROUP
START GROUP
LOAD c:/program files (x86)/atmel/studio/7.0/toolchain/avr8/avr8-gnu-toolchain/bin/../lib/gcc/avr/5.4.0/avr5\libgcc.a
LOAD c:/program files (x86)/atmel/studio/7.0/toolchain/avr8/avr8-gnu-toolchain/bin/../lib/gcc/avr/5.4.0/../../../../avr/lib/avr5\libm.a
LOAD c:/program files (x86)/atmel/studio/7.0/toolchain/avr8/avr8-gnu-toolchain/bin/../lib/gcc/avr/5.4.0/../../../../avr/lib/avr5\libc.a
LOAD C:/Program Files (x86)/Atmel/Studio/7.0/Packs/atmel/ATmega_DFP/1.1.130/gcc/dev/atmega32/avr5\libatmega32.a
END GROUP
                0x00000000                __TEXT_REGION_ORIGIN__ = DEFINED (__TEXT_REGION_ORIGIN__)?__TEXT_REGION_ORIGIN__:0x0
                0x00800060                __DATA_REGION_ORIGIN__ = DEFINED (__DATA_REGION_ORIGIN__)?__DATA_REGION_ORIGIN__:0x800060
                0x00020000                __TEXT_REGION_LENGTH__ = DEFINED (__TEXT_REGION_LENGTH__)?__TEXT_REGION_LENGTH__:0x20000
                0x0000ffa0                __DATA_REGION_LENGTH__ = DEFINED (__DATA_REGION_LENGTH__)?__DATA_REGION_LENGTH__:0xffa0
                0x00010000                __EEPROM_REGION_LENGTH__ = DEFINED (__EEPROM_REGION_LENGTH__)?__EEPROM_REGION_LENGTH__:0x10000
                [0x00000002]                __FUSE_REGION_LENGTH__ = DEFINED (__FUSE_REGION_LENGTH__)?__FUSE_REGION_LENGTH__:0x400
                0x00000400                __LOCK_REGION_LENGTH__ = DEFINED (__LOCK_REGION_LENGTH__)?__LOCK_REGION_LENGTH__:0x400
                0x00000400                __SIGNATURE_REGION_LENGTH__ = DEFINED (__SIGNATURE_REGION_LENGTH__)?__SIGNATURE_REGION_LENGTH__:0x400
                0x00000400                __USER_SIGNATURE_REGION_LENGTH__ = DEFINED (__USER_SIGNATURE_REGION_LENGTH__)?__USER_SIGNATURE_REGION_LENGTH__:0x400

.hash
 *(.hash)

.dynsym
 *(.dynsym)

.dynstr
 *(.dynstr)

.gnu.version
 *(.gnu.version)

.gnu.version_d
 *(.gnu.version_d)

.gnu.version_r
 *(.gnu.version_r)

.rel.init
 *(.rel.init)

.rela.init
 *(.rela.init)

.rel.text
 *(.rel.text)
 *(.rel.text.*)
 *(.rel.gnu.linkonce.t*)

.rela.text
 *(.rela.text)
 *(.rela.text.*)
 *(.rela.gnu.linkonce.t*)

.rel.fini
 *(.rel.fini)

.rela.fini
 *(.rela.fini)

.rel.rodata
 *(.rel.rodata)
 *(.rel.rodata.*)
 *(.rel.gnu.linkonce.r*)

.rela.rodata
 *(.rela.rodata)
 *(.rela.rodata.*)
 *(.rela.gnu.linkonce.r*)

.rel.data
 *(.rel.data)
 *(.rel.data.*)
 *(.rel.gnu.linkonce.d*)

.rela.data
 *(.rela.data)
 *(.rela.data.*)
 *(.rela.gnu.linkonce.d*)

.rel.ctors
 *(.rel.ctors)

.rela.ctors
 *(.rela.ctors)

.rel.dtors
 *(.rel.dtors)

.rela.dtors
 *(.rela.dtors)

.rel.got
 *(.rel.got)

.rela.got
 *(.rela.got)

.rel.bss
 *(.rel.bss)

.rela.bss
 *(.rela.bss)

.rel.plt
 *(.rel.plt)

.rela.plt
 *(.rela.plt)

.text           0x00000000     0x153a
 *(.vectors)
 .vectors       0x00000000       0x54 C:/Program Files (x86)/Atmel/Studio/7.0/Packs/atmel/ATmega_DFP/1.1.130/gcc/dev/atmega32/avr5/crtatmega32.o
                0x00000000                __vector_default
                0x00000000                __vectors
 *(.vectors)
 *(.progmem.gcc*)
                0x00000054                . = ALIGN (0x2)
                0x00000054                __trampolines_start = .
 *(.trampolines)
 .trampolines   0x00000054        0x0 linker stubs
 *(.trampolines*)
                0x00000054                __trampolines_end = .
 *libprintf_flt.a:*(.progmem.data)
 *libc.a:*(.progmem.data)
 *(.progmem*)
                0x00000054                . = ALIGN (0x2)
 *(.jumptables)
 *(.jumptables*)
 *(.lowtext)
 *(.lowtext*)
                0x00000054                __ctors_start = .
 *(.ctors)
                0x00000054                __ctors_end = .
                0x00000054                __dtors_start = .
 *(.dtors)
                0x00000054                __dtors_end = .
 SORT(*)(.ctors)
 SORT(*)(.dtors)
 *(.init0)
 .init0         0x00000054        0x0 C:/Program Files (x86)/Atmel/Studio/7.0/Packs/atmel/ATmega_DFP/1.1.130/gcc/dev/atmega32/avr5/crtatmega32.o
                0x00000054                __init
 *(.init0)
 *(.init1)
 *(.init1)
 *(.init2)
 .init2         0x00000054        0xc C:/Program Files (x86)/Atmel/Studio/7.0/Packs/atmel/ATmega_DFP/1.1.130/gcc/dev/atmega32/avr5/crtatmega32.o
 *(.init2)
 *(.init3)
 *(.init3)
 *(.init4)
 .init4         0x00000060       0x16 c:/program files (x86)/atmel/studio/7.0/toolchain/avr8/avr8-gnu-toolchain/bin/../lib/gcc/avr/5.4.0/avr5\libgcc.a(_copy_data.o)
                0x00000060                __do_copy_data
 .init4         0x00000076       0x10 c:/program files (x86)/atmel/studio/7.0/toolchain/avr8/avr8-gnu-toolchain/bin/../lib/gcc/avr/5.4.0/avr5\libgcc.a(_clear_bss.o)
                0x00000076                __do_clear_bss
 *(.init4)
 *(.init5)
 *(.init5)
 *(.init6)
 *(.init6)
 *(.init7)
 *(.init7)
 *(.init8)
 *(.init8)
 *(.init9)
 .init9         0x00000086        0x8 C:/Program Files (x86)/Atmel/Studio/7.0/Packs/atmel/ATmega_DFP/1.1.130/gcc/dev/atmega32/avr5/crtatmega32.o
 *(.init9)
 *(.text)
 .text          0x0000008e        0x4 C:/Program Files (x86)/Atmel/Studio/7.0/Packs/atmel/ATmega_DFP/1.1.130/gcc/dev/atmega32/avr5/crtatmega32.o
                0x0000008e                __vector_12
                0x0000008e                __bad_interrupt
                0x0000008e                __vector_6
                0x0000008e                __vector_3
                0x0000008e                __vector_17
                0x0000008e                __vector_19
                0x0000008e                __vector_7
                0x0000008e                __vector_5
                0x0000008e                __vector_4
                0x0000008e                __vector_9
                0x0000008e                __vector_2
                0x0000008e                __vector_15
                0x0000008e                __vector_8
                0x0000008e                __vector_14
                0x0000008e                __vector_10
                0x0000008e                __vector_16
                0x0000008e                __vector_18
                0x0000008e                __vector_20
                0x00000092                . = ALIGN (0x2)
 *(.text.*)
 .text.main     0x00000092       0x3a app/main.o
                0x00000092                main
 .text.__vector_1
                0x000000cc       0x4e app/main.o
                0x000000cc                __vector_1
 .text.__vector_13
                0x0000011a       0xc6 app/main.o
                0x0000011a                __vector_13
 .text.DHT_start
                0x000001e0       0x26 HAL/src/DHT.o
                0x000001e0                DHT_start
 .text.DHT_read
                0x00000206       0x4c HAL/src/DHT.o
                0x00000206                DHT_read
 .text.DHT_Response
                0x00000252       0x28 HAL/src/DHT.o
                0x00000252                DHT_Response
 .text.intTostring
                0x0000027a      0x186 HAL/src/DHT.o
                0x0000027a                intTostring
 .text.DHT_Represent
                0x00000400       0x60 HAL/src/DHT.o
                0x00000400                DHT_Represent
 .text.KEYPAD_Init
                0x00000460       0x32 HAL/src/KEYPAD.o
                0x00000460                KEYPAD_Init
 .text.LCD_latch
                0x00000492       0x22 HAL/src/LCD.o
                0x00000492                LCD_latch
 .text.SendToLCD
                0x000004b4       0x50 HAL/src/LCD.o
                0x000004b4                SendToLCD
 .text.LCD_send_cmd
                0x00000504       0x16 HAL/src/LCD.o
                0x00000504                LCD_send_cmd
 .text.LCD_CLEAR
                0x0000051a       0x14 HAL/src/LCD.o
                0x0000051a                LCD_CLEAR
 .text.LCD_ret_Home
                0x0000052e       0x14 HAL/src/LCD.o
                0x0000052e                LCD_ret_Home
 .text.LCD_init
                0x00000542       0x4c HAL/src/LCD.o
                0x00000542                LCD_init
 .text.LCD_send_data
                0x0000058e       0x16 HAL/src/LCD.o
                0x0000058e                LCD_send_data
 .text.disp_char
                0x000005a4        0x6 HAL/src/LCD.o
                0x000005a4                disp_char
 .text.disp_str
                0x000005aa       0x26 HAL/src/LCD.o
                0x000005aa                disp_str
 .text.LCD_GOTXY
                0x000005d0       0x38 HAL/src/LCD.o
                0x000005d0                LCD_GOTXY
 .text.disp_strXY
                0x00000608       0x16 HAL/src/LCD.o
                0x00000608                disp_strXY
 .text.disp_int
                0x0000061e       0x66 HAL/src/LCD.o
                0x0000061e                disp_int
 .text.Callback
                0x00000684        0xa MCAL/EXT_INT.o
                0x00000684                Callback
 .text.INT_init
                0x0000068e       0x52 MCAL/EXT_INT.o
                0x0000068e                INT_init
 .text.GLOBAL_INT_EN
                0x000006e0        0xe MCAL/EXT_INT.o
                0x000006e0                GLOBAL_INT_EN
 .text.ADC_init
                0x000006ee        0xe MCAL/src/ADC.o
                0x000006ee                ADC_init
 .text.read_analog
                0x000006fc       0x1c MCAL/src/ADC.o
                0x000006fc                read_analog
 .text.writePin
                0x00000718      0x12c MCAL/src/DIO.o
                0x00000718                writePin
 .text.pinDirection
                0x00000844      0x12c MCAL/src/DIO.o
                0x00000844                pinDirection
 .text.readPin  0x00000970       0x8a MCAL/src/DIO.o
                0x00000970                readPin
 .text.writePins
                0x000009fa       0x1e MCAL/src/DIO.o
                0x000009fa                writePins
 .text.pinsDirection
                0x00000a18       0x1e MCAL/src/DIO.o
                0x00000a18                pinsDirection
 .text.__vector_11
                0x00000a36       0x4a MCAL/src/Timers.o
                0x00000a36                __vector_11
 .text.UART_INIT
                0x00000a80       0x58 MCAL/src/UART.o
                0x00000a80                UART_INIT
 .text.UART_TX  0x00000ad8        0x8 MCAL/src/UART.o
                0x00000ad8                UART_TX
 .text.Uart_SendStr
                0x00000ae0       0x3e MCAL/src/UART.o
                0x00000ae0                Uart_SendStr
 .text.sendUTFStr
                0x00000b1e       0x2a services/MQTT/MQTT.o
                0x00000b1e                sendUTFStr
 .text.MQTT_Connect
                0x00000b48       0x6c services/MQTT/MQTT.o
                0x00000b48                MQTT_Connect
 .text.MQTT_Publish
                0x00000bb4       0x5c services/MQTT/MQTT.o
                0x00000bb4                MQTT_Publish
 .text.MQTT_Subscribe
                0x00000c10       0x5c services/MQTT/MQTT.o
                0x00000c10                MQTT_Subscribe
 .text.FireAlarm
                0x00000c6c       0x74 Smart Home/src/SmartHome.o
                0x00000c6c                FireAlarm
 .text.turnOnFireAlarm
                0x00000ce0        0xa Smart Home/src/SmartHome.o
                0x00000ce0                turnOnFireAlarm
 .text.Project_Init
                0x00000cea       0x4e Smart Home/src/SmartHome.o
                0x00000cea                Project_Init
 .text.temp     0x00000d38       0xd2 Smart Home/src/SmartHome.o
                0x00000d38                temp
 .text.AnalogSensors
                0x00000e0a       0xe0 Smart Home/src/SmartHome.o
                0x00000e0a                AnalogSensors
 .text.libgcc.div
                0x00000eea       0x44 c:/program files (x86)/atmel/studio/7.0/toolchain/avr8/avr8-gnu-toolchain/bin/../lib/gcc/avr/5.4.0/avr5\libgcc.a(_udivmodsi4.o)
                0x00000eea                __udivmodsi4
 .text.libgcc.mul
                0x00000f2e       0x1e c:/program files (x86)/atmel/studio/7.0/toolchain/avr8/avr8-gnu-toolchain/bin/../lib/gcc/avr/5.4.0/avr5\libgcc.a(_umulhisi3.o)
                0x00000f2e                __umulhisi3
 .text.avr-libc
                0x00000f4c       0x16 c:/program files (x86)/atmel/studio/7.0/toolchain/avr8/avr8-gnu-toolchain/bin/../lib/gcc/avr/5.4.0/../../../../avr/lib/avr5\libc.a(strcat.o)
                0x00000f4c                strcat
 .text.avr-libc
                0x00000f62       0x44 c:/program files (x86)/atmel/studio/7.0/toolchain/avr8/avr8-gnu-toolchain/bin/../lib/gcc/avr/5.4.0/../../../../avr/lib/avr5\libc.a(sprintf.o)
                0x00000f62                sprintf
 .text.avr-libc
                0x00000fa6      0x3c2 c:/program files (x86)/atmel/studio/7.0/toolchain/avr8/avr8-gnu-toolchain/bin/../lib/gcc/avr/5.4.0/../../../../avr/lib/avr5\libc.a(vfprintf_std.o)
                0x00000fa6                vfprintf
 .text.avr-libc
                0x00001368       0x16 c:/program files (x86)/atmel/studio/7.0/toolchain/avr8/avr8-gnu-toolchain/bin/../lib/gcc/avr/5.4.0/../../../../avr/lib/avr5\libc.a(strnlen_P.o)
                0x00001368                strnlen_P
 .text.avr-libc
                0x0000137e       0x16 c:/program files (x86)/atmel/studio/7.0/toolchain/avr8/avr8-gnu-toolchain/bin/../lib/gcc/avr/5.4.0/../../../../avr/lib/avr5\libc.a(strnlen.o)
                0x0000137e                strnlen
 .text.avr-libc
                0x00001394       0x78 c:/program files (x86)/atmel/studio/7.0/toolchain/avr8/avr8-gnu-toolchain/bin/../lib/gcc/avr/5.4.0/../../../../avr/lib/avr5\libc.a(fputc.o)
                0x00001394                fputc
 .text.avr-libc
                0x0000140c       0xbc c:/program files (x86)/atmel/studio/7.0/toolchain/avr8/avr8-gnu-toolchain/bin/../lib/gcc/avr/5.4.0/../../../../avr/lib/avr5\libc.a(ultoa_invert.o)
                0x0000140c                __ultoa_invert
 .text.libgcc.prologue
                0x000014c8       0x38 c:/program files (x86)/atmel/studio/7.0/toolchain/avr8/avr8-gnu-toolchain/bin/../lib/gcc/avr/5.4.0/avr5\libgcc.a(_prologue.o)
                0x000014c8                __prologue_saves__
 .text.libgcc.prologue
                0x00001500       0x36 c:/program files (x86)/atmel/studio/7.0/toolchain/avr8/avr8-gnu-toolchain/bin/../lib/gcc/avr/5.4.0/avr5\libgcc.a(_epilogue.o)
                0x00001500                __epilogue_restores__
                0x00001536                . = ALIGN (0x2)
 *(.fini9)
 .fini9         0x00001536        0x0 c:/program files (x86)/atmel/studio/7.0/toolchain/avr8/avr8-gnu-toolchain/bin/../lib/gcc/avr/5.4.0/avr5\libgcc.a(_exit.o)
                0x00001536                _exit
                0x00001536                exit
 *(.fini9)
 *(.fini8)
 *(.fini8)
 *(.fini7)
 *(.fini7)
 *(.fini6)
 *(.fini6)
 *(.fini5)
 *(.fini5)
 *(.fini4)
 *(.fini4)
 *(.fini3)
 *(.fini3)
 *(.fini2)
 *(.fini2)
 *(.fini1)
 *(.fini1)
 *(.fini0)
 .fini0         0x00001536        0x4 c:/program files (x86)/atmel/studio/7.0/toolchain/avr8/avr8-gnu-toolchain/bin/../lib/gcc/avr/5.4.0/avr5\libgcc.a(_exit.o)
 *(.fini0)
                0x0000153a                _etext = .

.data           0x00800060       0x94 load address 0x0000153a
                0x00800060                PROVIDE (__data_start, .)
 *(.data)
 *(.data*)
 .data.proName  0x00800060        0x5 services/MQTT/MQTT.o
                0x00800060                proName
 .data.PID      0x00800065        0x2 services/MQTT/MQTT.o
                0x00800065                PID
 *(.gnu.linkonce.d*)
 *(.rodata)
 *(.rodata*)
 .rodata.str1.1
                0x00800067        0xa app/main.o
 .rodata.str1.1
                0x00800071        0x3 HAL/src/DHT.o
 .rodata.str1.1
                0x00800074        0x3 HAL/src/LCD.o
 .rodata.str1.1
                0x00800074       0x7f Smart Home/src/SmartHome.o
 *(.gnu.linkonce.r*)
                0x008000f4                . = ALIGN (0x2)
 *fill*         0x008000f3        0x1 
                0x008000f4                _edata = .
                0x008000f4                PROVIDE (__data_end, .)

.bss            0x008000f4       0xa0
                0x008000f4                PROVIDE (__bss_start, .)
 *(.bss)
 *(.bss*)
 .bss.data      0x008000f4        0x1 app/main.o
                0x008000f4                data
 .bss.pktRecState
                0x008000f5        0x1 app/main.o
                0x008000f5                pktRecState
 .bss.remLen    0x008000f6        0x1 app/main.o
                0x008000f6                remLen
 .bss.mqttPktInd
                0x008000f7        0x1 app/main.o
                0x008000f7                mqttPktInd
 .bss.mqttPkt   0x008000f8       0x96 app/main.o
                0x008000f8                mqttPkt
 .bss.ptrINT    0x0080018e        0x2 MCAL/EXT_INT.o
                0x0080018e                ptrINT
 .bss.overflow  0x00800190        0x4 MCAL/src/Timers.o
 *(COMMON)
                0x00800194                PROVIDE (__bss_end, .)
                0x0000153a                __data_load_start = LOADADDR (.data)
                0x000015ce                __data_load_end = (__data_load_start + SIZEOF (.data))

.noinit         0x00800194        0x0
                [!provide]                PROVIDE (__noinit_start, .)
 *(.noinit*)
                [!provide]                PROVIDE (__noinit_end, .)
                0x00800194                _end = .
                [!provide]                PROVIDE (__heap_start, .)

.eeprom         0x00810000        0x0
 *(.eeprom*)
                0x00810000                __eeprom_end = .

.fuse
 *(.fuse)
 *(.lfuse)
 *(.hfuse)
 *(.efuse)

.lock
 *(.lock*)

.signature
 *(.signature*)

.user_signatures
 *(.user_signatures*)

.stab
 *(.stab)

.stabstr
 *(.stabstr)

.stab.excl
 *(.stab.excl)

.stab.exclstr
 *(.stab.exclstr)

.stab.index
 *(.stab.index)

.stab.indexstr
 *(.stab.indexstr)

.comment        0x00000000       0x5c
 *(.comment)
 .comment       0x00000000       0x30 app/main.o
                                 0x31 (size before relaxing)
 .comment       0x00000030       0x31 HAL/src/DHT.o
 .comment       0x00000030       0x31 HAL/src/KEYPAD.o
 .comment       0x00000030       0x31 HAL/src/LCD.o
 .comment       0x00000030       0x31 MCAL/EXT_INT.o
 .comment       0x00000030       0x31 MCAL/src/ADC.o
 .comment       0x00000030       0x31 MCAL/src/DIO.o
 .comment       0x00000030       0x31 MCAL/src/Timers.o
 .comment       0x00000030       0x31 MCAL/src/UART.o
 .comment       0x00000030       0x31 services/MQTT/MQTT.o
 .comment       0x00000030       0x31 Smart Home/src/SmartHome.o
 .comment       0x00000030       0x31 c:/program files (x86)/atmel/studio/7.0/toolchain/avr8/avr8-gnu-toolchain/bin/../lib/gcc/avr/5.4.0/../../../../avr/lib/avr5\libc.a(sprintf.o)
 .comment       0x00000030       0x2c c:/program files (x86)/atmel/studio/7.0/toolchain/avr8/avr8-gnu-toolchain/bin/../lib/gcc/avr/5.4.0/../../../../avr/lib/avr5\libc.a(vfprintf_std.o)
                                 0x2d (size before relaxing)
 .comment       0x0000005c       0x31 c:/program files (x86)/atmel/studio/7.0/toolchain/avr8/avr8-gnu-toolchain/bin/../lib/gcc/avr/5.4.0/../../../../avr/lib/avr5\libc.a(fputc.o)

.note.gnu.avr.deviceinfo
                0x00000000       0x3c
 .note.gnu.avr.deviceinfo
                0x00000000       0x3c C:/Program Files (x86)/Atmel/Studio/7.0/Packs/atmel/ATmega_DFP/1.1.130/gcc/dev/atmega32/avr5/crtatmega32.o

.note.gnu.build-id
 *(.note.gnu.build-id)

.debug
 *(.debug)

.line
 *(.line)

.debug_srcinfo
 *(.debug_srcinfo)

.debug_sfnames
 *(.debug_sfnames)

.debug_aranges  0x00000000      0x2f8
 *(.debug_aranges)
 .debug_aranges
                0x00000000       0x30 app/main.o
 .debug_aranges
                0x00000030       0x40 HAL/src/DHT.o
 .debug_aranges
                0x00000070       0x28 HAL/src/KEYPAD.o
 .debug_aranges
                0x00000098       0x88 HAL/src/LCD.o
 .debug_aranges
                0x00000120       0x38 MCAL/EXT_INT.o
 .debug_aranges
                0x00000158       0x28 MCAL/src/ADC.o
 .debug_aranges
                0x00000180       0x50 MCAL/src/DIO.o
 .debug_aranges
                0x000001d0       0x60 MCAL/src/Timers.o
 .debug_aranges
                0x00000230       0x40 MCAL/src/UART.o
 .debug_aranges
                0x00000270       0x38 services/MQTT/MQTT.o
 .debug_aranges
                0x000002a8       0x50 Smart Home/src/SmartHome.o

.debug_pubnames
 *(.debug_pubnames)

.debug_info     0x00000000     0x4865
 *(.debug_info .gnu.linkonce.wi.*)
 .debug_info    0x00000000      0x4e6 C:/Program Files (x86)/Atmel/Studio/7.0/Packs/atmel/ATmega_DFP/1.1.130/gcc/dev/atmega32/avr5/crtatmega32.o
 .debug_info    0x000004e6      0x503 app/main.o
 .debug_info    0x000009e9      0x7de HAL/src/DHT.o
 .debug_info    0x000011c7      0x4a6 HAL/src/KEYPAD.o
 .debug_info    0x0000166d      0xad2 HAL/src/LCD.o
 .debug_info    0x0000213f      0x3a9 MCAL/EXT_INT.o
 .debug_info    0x000024e8      0x2dc MCAL/src/ADC.o
 .debug_info    0x000027c4      0x597 MCAL/src/DIO.o
 .debug_info    0x00002d5b      0x44b MCAL/src/Timers.o
 .debug_info    0x000031a6      0x3dd MCAL/src/UART.o
 .debug_info    0x00003583      0x5df services/MQTT/MQTT.o
 .debug_info    0x00003b62      0xd03 Smart Home/src/SmartHome.o

.debug_abbrev   0x00000000     0x1376
 *(.debug_abbrev)
 .debug_abbrev  0x00000000      0x4a3 C:/Program Files (x86)/Atmel/Studio/7.0/Packs/atmel/ATmega_DFP/1.1.130/gcc/dev/atmega32/avr5/crtatmega32.o
 .debug_abbrev  0x000004a3      0x1a5 app/main.o
 .debug_abbrev  0x00000648      0x225 HAL/src/DHT.o
 .debug_abbrev  0x0000086d       0xf8 HAL/src/KEYPAD.o
 .debug_abbrev  0x00000965      0x1dc HAL/src/LCD.o
 .debug_abbrev  0x00000b41       0xdc MCAL/EXT_INT.o
 .debug_abbrev  0x00000c1d       0xae MCAL/src/ADC.o
 .debug_abbrev  0x00000ccb       0xfa MCAL/src/DIO.o
 .debug_abbrev  0x00000dc5      0x11b MCAL/src/Timers.o
 .debug_abbrev  0x00000ee0      0x153 MCAL/src/UART.o
 .debug_abbrev  0x00001033      0x142 services/MQTT/MQTT.o
 .debug_abbrev  0x00001175      0x201 Smart Home/src/SmartHome.o

.debug_line     0x00000000     0x190f
 *(.debug_line .debug_line.* .debug_line_end)
 .debug_line    0x00000000      0x115 C:/Program Files (x86)/Atmel/Studio/7.0/Packs/atmel/ATmega_DFP/1.1.130/gcc/dev/atmega32/avr5/crtatmega32.o
 .debug_line    0x00000115      0x265 app/main.o
 .debug_line    0x0000037a      0x2e5 HAL/src/DHT.o
 .debug_line    0x0000065f      0x128 HAL/src/KEYPAD.o
 .debug_line    0x00000787      0x3b4 HAL/src/LCD.o
 .debug_line    0x00000b3b      0x100 MCAL/EXT_INT.o
 .debug_line    0x00000c3b       0xc9 MCAL/src/ADC.o
 .debug_line    0x00000d04      0x27f MCAL/src/DIO.o
 .debug_line    0x00000f83      0x27c MCAL/src/Timers.o
 .debug_line    0x000011ff      0x164 MCAL/src/UART.o
 .debug_line    0x00001363      0x197 services/MQTT/MQTT.o
 .debug_line    0x000014fa      0x415 Smart Home/src/SmartHome.o

.debug_frame    0x00000000      0x74c
 *(.debug_frame)
 .debug_frame   0x00000000       0xb4 app/main.o
 .debug_frame   0x000000b4       0xec HAL/src/DHT.o
 .debug_frame   0x000001a0       0x40 HAL/src/KEYPAD.o
 .debug_frame   0x000001e0      0x160 HAL/src/LCD.o
 .debug_frame   0x00000340       0x54 MCAL/EXT_INT.o
 .debug_frame   0x00000394       0x34 MCAL/src/ADC.o
 .debug_frame   0x000003c8       0x84 MCAL/src/DIO.o
 .debug_frame   0x0000044c       0xd8 MCAL/src/Timers.o
 .debug_frame   0x00000524       0x84 MCAL/src/UART.o
 .debug_frame   0x000005a8       0xa4 services/MQTT/MQTT.o
 .debug_frame   0x0000064c      0x100 Smart Home/src/SmartHome.o

.debug_str      0x00000000      0xa12
 *(.debug_str)
 .debug_str     0x00000000      0x196 C:/Program Files (x86)/Atmel/Studio/7.0/Packs/atmel/ATmega_DFP/1.1.130/gcc/dev/atmega32/avr5/crtatmega32.o
 .debug_str     0x00000196      0x3ba app/main.o
                                0x40d (size before relaxing)
 .debug_str     0x00000550       0xf4 HAL/src/DHT.o
                                0x436 (size before relaxing)
 .debug_str     0x00000644       0x48 HAL/src/KEYPAD.o
                                0x358 (size before relaxing)
 .debug_str     0x0000068c       0xc5 HAL/src/LCD.o
                                0x453 (size before relaxing)
 .debug_str     0x00000751       0x48 MCAL/EXT_INT.o
                                0x342 (size before relaxing)
 .debug_str     0x00000799       0x2f MCAL/src/ADC.o
                                0x313 (size before relaxing)
 .debug_str     0x000007c8       0x56 MCAL/src/DIO.o
                                0x392 (size before relaxing)
 .debug_str     0x0000081e       0xd3 MCAL/src/Timers.o
                                0x3bf (size before relaxing)
 .debug_str     0x000008f1       0x62 MCAL/src/UART.o
                                0x37a (size before relaxing)
 .debug_str     0x00000953       0x53 services/MQTT/MQTT.o
                                0x371 (size before relaxing)
 .debug_str     0x000009a6       0x6c Smart Home/src/SmartHome.o
                                0x4bb (size before relaxing)

.debug_loc      0x00000000     0x1d1b
 *(.debug_loc)
 .debug_loc     0x00000000      0x190 app/main.o
 .debug_loc     0x00000190      0x472 HAL/src/DHT.o
 .debug_loc     0x00000602       0x99 HAL/src/KEYPAD.o
 .debug_loc     0x0000069b      0x6ab HAL/src/LCD.o
 .debug_loc     0x00000d46       0x8d MCAL/EXT_INT.o
 .debug_loc     0x00000dd3       0x26 MCAL/src/ADC.o
 .debug_loc     0x00000df9      0x4d0 MCAL/src/DIO.o
 .debug_loc     0x000012c9      0x16f MCAL/src/Timers.o
 .debug_loc     0x00001438      0x18a MCAL/src/UART.o
 .debug_loc     0x000015c2      0x2a9 services/MQTT/MQTT.o
 .debug_loc     0x0000186b      0x4b0 Smart Home/src/SmartHome.o

.debug_macinfo
 *(.debug_macinfo)

.debug_weaknames
 *(.debug_weaknames)

.debug_funcnames
 *(.debug_funcnames)

.debug_typenames
 *(.debug_typenames)

.debug_varnames
 *(.debug_varnames)

.debug_pubtypes
 *(.debug_pubtypes)

.debug_ranges   0x00000000      0x248
 *(.debug_ranges)
 .debug_ranges  0x00000000       0x20 app/main.o
 .debug_ranges  0x00000020       0x30 HAL/src/DHT.o
 .debug_ranges  0x00000050       0x18 HAL/src/KEYPAD.o
 .debug_ranges  0x00000068       0x78 HAL/src/LCD.o
 .debug_ranges  0x000000e0       0x28 MCAL/EXT_INT.o
 .debug_ranges  0x00000108       0x18 MCAL/src/ADC.o
 .debug_ranges  0x00000120       0x40 MCAL/src/DIO.o
 .debug_ranges  0x00000160       0x50 MCAL/src/Timers.o
 .debug_ranges  0x000001b0       0x30 MCAL/src/UART.o
 .debug_ranges  0x000001e0       0x28 services/MQTT/MQTT.o
 .debug_ranges  0x00000208       0x40 Smart Home/src/SmartHome.o

.debug_macro
 *(.debug_macro)
OUTPUT(Atmega32 drivers.elf elf32-avr)
LOAD linker stubs
