Archive member included to satisfy reference by file (symbol)

c:/program files (x86)/atmel/studio/7.0/toolchain/avr8/avr8-gnu-toolchain/bin/../lib/gcc/avr/5.4.0/../../../../avr/lib/avr5\libm.a(addsf3.o)
                              HAL/src/GPS.o (__subsf3)
c:/program files (x86)/atmel/studio/7.0/toolchain/avr8/avr8-gnu-toolchain/bin/../lib/gcc/avr/5.4.0/../../../../avr/lib/avr5\libm.a(addsf3x.o)
                              c:/program files (x86)/atmel/studio/7.0/toolchain/avr8/avr8-gnu-toolchain/bin/../lib/gcc/avr/5.4.0/../../../../avr/lib/avr5\libm.a(addsf3.o) (__addsf3x)
c:/program files (x86)/atmel/studio/7.0/toolchain/avr8/avr8-gnu-toolchain/bin/../lib/gcc/avr/5.4.0/../../../../avr/lib/avr5\libm.a(divsf3.o)
                              APPs/src/APPS.o (__divsf3)
c:/program files (x86)/atmel/studio/7.0/toolchain/avr8/avr8-gnu-toolchain/bin/../lib/gcc/avr/5.4.0/../../../../avr/lib/avr5\libm.a(divsf3x.o)
                              c:/program files (x86)/atmel/studio/7.0/toolchain/avr8/avr8-gnu-toolchain/bin/../lib/gcc/avr/5.4.0/../../../../avr/lib/avr5\libm.a(divsf3.o) (__divsf3x)
c:/program files (x86)/atmel/studio/7.0/toolchain/avr8/avr8-gnu-toolchain/bin/../lib/gcc/avr/5.4.0/../../../../avr/lib/avr5\libm.a(fixsfsi.o)
                              HAL/src/GPS.o (__fixsfsi)
c:/program files (x86)/atmel/studio/7.0/toolchain/avr8/avr8-gnu-toolchain/bin/../lib/gcc/avr/5.4.0/../../../../avr/lib/avr5\libm.a(fixunssfsi.o)
                              APPs/src/APPS.o (__fixunssfsi)
c:/program files (x86)/atmel/studio/7.0/toolchain/avr8/avr8-gnu-toolchain/bin/../lib/gcc/avr/5.4.0/../../../../avr/lib/avr5\libm.a(floatsisf.o)
                              APPs/src/APPS.o (__floatunsisf)
c:/program files (x86)/atmel/studio/7.0/toolchain/avr8/avr8-gnu-toolchain/bin/../lib/gcc/avr/5.4.0/../../../../avr/lib/avr5\libm.a(fp_inf.o)
                              c:/program files (x86)/atmel/studio/7.0/toolchain/avr8/avr8-gnu-toolchain/bin/../lib/gcc/avr/5.4.0/../../../../avr/lib/avr5\libm.a(addsf3x.o) (__fp_inf)
c:/program files (x86)/atmel/studio/7.0/toolchain/avr8/avr8-gnu-toolchain/bin/../lib/gcc/avr/5.4.0/../../../../avr/lib/avr5\libm.a(fp_nan.o)
                              c:/program files (x86)/atmel/studio/7.0/toolchain/avr8/avr8-gnu-toolchain/bin/../lib/gcc/avr/5.4.0/../../../../avr/lib/avr5\libm.a(addsf3x.o) (__fp_nan)
c:/program files (x86)/atmel/studio/7.0/toolchain/avr8/avr8-gnu-toolchain/bin/../lib/gcc/avr/5.4.0/../../../../avr/lib/avr5\libm.a(fp_pscA.o)
                              c:/program files (x86)/atmel/studio/7.0/toolchain/avr8/avr8-gnu-toolchain/bin/../lib/gcc/avr/5.4.0/../../../../avr/lib/avr5\libm.a(addsf3x.o) (__fp_pscA)
c:/program files (x86)/atmel/studio/7.0/toolchain/avr8/avr8-gnu-toolchain/bin/../lib/gcc/avr/5.4.0/../../../../avr/lib/avr5\libm.a(fp_pscB.o)
                              c:/program files (x86)/atmel/studio/7.0/toolchain/avr8/avr8-gnu-toolchain/bin/../lib/gcc/avr/5.4.0/../../../../avr/lib/avr5\libm.a(addsf3x.o) (__fp_pscB)
c:/program files (x86)/atmel/studio/7.0/toolchain/avr8/avr8-gnu-toolchain/bin/../lib/gcc/avr/5.4.0/../../../../avr/lib/avr5\libm.a(fp_round.o)
                              c:/program files (x86)/atmel/studio/7.0/toolchain/avr8/avr8-gnu-toolchain/bin/../lib/gcc/avr/5.4.0/../../../../avr/lib/avr5\libm.a(addsf3.o) (__fp_round)
c:/program files (x86)/atmel/studio/7.0/toolchain/avr8/avr8-gnu-toolchain/bin/../lib/gcc/avr/5.4.0/../../../../avr/lib/avr5\libm.a(fp_split3.o)
                              c:/program files (x86)/atmel/studio/7.0/toolchain/avr8/avr8-gnu-toolchain/bin/../lib/gcc/avr/5.4.0/../../../../avr/lib/avr5\libm.a(addsf3x.o) (__fp_split3)
c:/program files (x86)/atmel/studio/7.0/toolchain/avr8/avr8-gnu-toolchain/bin/../lib/gcc/avr/5.4.0/../../../../avr/lib/avr5\libm.a(fp_zero.o)
                              c:/program files (x86)/atmel/studio/7.0/toolchain/avr8/avr8-gnu-toolchain/bin/../lib/gcc/avr/5.4.0/../../../../avr/lib/avr5\libm.a(addsf3x.o) (__fp_zero)
c:/program files (x86)/atmel/studio/7.0/toolchain/avr8/avr8-gnu-toolchain/bin/../lib/gcc/avr/5.4.0/../../../../avr/lib/avr5\libm.a(mulsf3.o)
                              APPs/src/APPS.o (__mulsf3)
c:/program files (x86)/atmel/studio/7.0/toolchain/avr8/avr8-gnu-toolchain/bin/../lib/gcc/avr/5.4.0/../../../../avr/lib/avr5\libm.a(mulsf3x.o)
                              c:/program files (x86)/atmel/studio/7.0/toolchain/avr8/avr8-gnu-toolchain/bin/../lib/gcc/avr/5.4.0/../../../../avr/lib/avr5\libm.a(mulsf3.o) (__mulsf3x)
c:/program files (x86)/atmel/studio/7.0/toolchain/avr8/avr8-gnu-toolchain/bin/../lib/gcc/avr/5.4.0/avr5\libgcc.a(_udivmodsi4.o)
                              APPs/src/APPS.o (__udivmodsi4)
c:/program files (x86)/atmel/studio/7.0/toolchain/avr8/avr8-gnu-toolchain/bin/../lib/gcc/avr/5.4.0/avr5\libgcc.a(_exit.o)
[...]
Memory Configuration

Name             Origin             Length             Attributes
text             0x00000000         0x00020000         xr
data             0x00800060         0x0000ffa0         rw !x
eeprom           0x00810000         0x00010000         rw !x
fuse             0x00820000         0x00000002         rw !x
lock             0x00830000         0x00000400         rw !x
signature        0x00840000         0x00000400         rw !x
user_signatures  0x00850000         0x00000400         rw !x
*default*        0x00000000         0xffffffff

Linker script and memory map

LOAD c:/program files (x86)/atmel/studio/7.0/toolchain/avr8/avr8-gnu-toolchain/bin/../lib/gcc/avr/5.4.0/../../../../avr/lib/avr5/crtatmega32.o
LOAD APPs/src/APPS.o
LOAD app/main.o
LOAD HAL/src/ExtEEPROM.o
LOAD HAL/src/DHT.o
LOAD HAL/src/GLCD.o
LOAD HAL/src/GPS.o
LOAD HAL/src/I2C EEPROM.o
LOAD HAL/src/KEYPAD.o
LOAD HAL/src/LCD.o
LOAD HAL/src/RTC.o
LOAD HAL/src/SERVO.o
LOAD MCAL/EXT_INT.o
LOAD MCAL/src/ADC.o
LOAD MCAL/src/DIO.o
LOAD MCAL/src/I2C.o
LOAD MCAL/src/spi.o
LOAD MCAL/src/Timers.o
LOAD MCAL/src/UART.o
LOAD Smart Home/src/SmartHome.o
START GROUP
LOAD c:/program files (x86)/atmel/studio/7.0/toolchain/avr8/avr8-gnu-toolchain/bin/../lib/gcc/avr/5.4.0/../../../../avr/lib/avr5\libm.a
END GROUP
START GROUP
LOAD c:/program files (x86)/atmel/studio/7.0/toolchain/avr8/avr8-gnu-toolchain/bin/../lib/gcc/avr/5.4.0/avr5\libgcc.a
LOAD c:/program files (x86)/atmel/studio/7.0/toolchain/avr8/avr8-gnu-toolchain/bin/../lib/gcc/avr/5.4.0/../../../../avr/lib/avr5\libm.a
LOAD c:/program files (x86)/atmel/studio/7.0/toolchain/avr8/avr8-gnu-toolchain/bin/../lib/gcc/avr/5.4.0/../../../../avr/lib/avr5\libc.a
LOAD c:/program files (x86)/atmel/studio/7.0/toolchain/avr8/avr8-gnu-toolchain/bin/../lib/gcc/avr/5.4.0/../../../../avr/lib/avr5\libatmega32.a
END GROUP
                0x00020000                __TEXT_REGION_LENGTH__ = DEFINED (__TEXT_REGION_LENGTH__)?__TEXT_REGION_LENGTH__:0x20000
                0x0000ffa0                __DATA_REGION_LENGTH__ = DEFINED (__DATA_REGION_LENGTH__)?__DATA_REGION_LENGTH__:0xffa0
                0x00010000                __EEPROM_REGION_LENGTH__ = DEFINED (__EEPROM_REGION_LENGTH__)?__EEPROM_REGION_LENGTH__:0x10000
                [0x00000002]                __FUSE_REGION_LENGTH__ = DEFINED (__FUSE_REGION_LENGTH__)?__FUSE_REGION_LENGTH__:0x400
                0x00000400                __LOCK_REGION_LENGTH__ = DEFINED (__LOCK_REGION_LENGTH__)?__LOCK_REGION_LENGTH__:0x400
                0x00000400                __SIGNATURE_REGION_LENGTH__ = DEFINED (__SIGNATURE_REGION_LENGTH__)?__SIGNATURE_REGION_LENGTH__:0x400
                0x00000400                __USER_SIGNATURE_REGION_LENGTH__ = DEFINED (__USER_SIGNATURE_REGION_LENGTH__)?__USER_SIGNATURE_REGION_LENGTH__:0x400

.hash
 *(.hash)

.dynsym
 *(.dynsym)

.dynstr
 *(.dynstr)

.gnu.version
 *(.gnu.version)

.gnu.version_d
 *(.gnu.version_d)

.gnu.version_r
 *(.gnu.version_r)

.rel.init
 *(.rel.init)

.rela.init
 *(.rela.init)

.rel.text
 *(.rel.text)
 *(.rel.text.*)
 *(.rel.gnu.linkonce.t*)

.rela.text
 *(.rela.text)
 *(.rela.text.*)
 *(.rela.gnu.linkonce.t*)

.rel.fini
 *(.rel.fini)

.rela.fini
 *(.rela.fini)

.rel.rodata
 *(.rel.rodata)
 *(.rel.rodata.*)
 *(.rel.gnu.linkonce.r*)

.rela.rodata
 *(.rela.rodata)
 *(.rela.rodata.*)
 *(.rela.gnu.linkonce.r*)

.rel.data
 *(.rel.data)
 *(.rel.data.*)
 *(.rel.gnu.linkonce.d*)

.rela.data
 *(.rela.data)
 *(.rela.data.*)
 *(.rela.gnu.linkonce.d*)

.rel.ctors
 *(.rel.ctors)

.rela.ctors
 *(.rela.ctors)

.rel.dtors
 *(.rel.dtors)

.rela.dtors
 *(.rela.dtors)

.rel.got
 *(.rel.got)

.rela.got
 *(.rela.got)

.rel.bss
 *(.rel.bss)

.rela.bss
 *(.rela.bss)

.rel.plt
 *(.rel.plt)

.rela.plt
 *(.rela.plt)

.text           0x00000000      0xe02
 *(.vectors)
 .vectors       0x00000000       0x54 c:/program files (x86)/atmel/studio/7.0/toolchain/avr8/avr8-gnu-toolchain/bin/../lib/gcc/avr/5.4.0/../../../../avr/lib/avr5/crtatmega32.o
                0x00000000                __vector_default
                0x00000000                __vectors
 *(.vectors)
 *(.progmem.gcc*)
                0x00000054                . = ALIGN (0x2)
                0x00000054                __trampolines_start = .
 *(.trampolines)
 .trampolines   0x00000054        0x0 linker stubs
 *(.trampolines*)
                0x00000054                __trampolines_end = .
 *libprintf_flt.a:*(.progmem.data)
 *libc.a:*(.progmem.data)
 *(.progmem*)
                0x00000054                . = ALIGN (0x2)
 *(.jumptables)
 *(.jumptables*)
 *(.lowtext)
 *(.lowtext*)
                0x00000054                __ctors_start = .
 *(.ctors)
                0x00000054                __ctors_end = .
                0x00000054                __dtors_start = .
 *(.dtors)
                0x00000054                __dtors_end = .
 SORT(*)(.ctors)
 SORT(*)(.dtors)
 *(.init0)
 .init0         0x00000054        0x0 c:/program files (x86)/atmel/studio/7.0/toolchain/avr8/avr8-gnu-toolchain/bin/../lib/gcc/avr/5.4.0/../../../../avr/lib/avr5/crtatmega32.o
                0x00000054                __init
 *(.init0)
 *(.init1)
 *(.init1)
 *(.init2)
 .init2         0x00000054        0xc c:/program files (x86)/atmel/studio/7.0/toolchain/avr8/avr8-gnu-toolchain/bin/../lib/gcc/avr/5.4.0/../../../../avr/lib/avr5/crtatmega32.o
 *(.init2)
 *(.init3)
 *(.init3)
 *(.init4)
 .init4         0x00000060       0x16 c:/program files (x86)/atmel/studio/7.0/toolchain/avr8/avr8-gnu-toolchain/bin/../lib/gcc/avr/5.4.0/avr5\libgcc.a(_copy_data.o)
                0x00000060                __do_copy_data
 .init4         0x00000076       0x10 c:/program files (x86)/atmel/studio/7.0/toolchain/avr8/avr8-gnu-toolchain/bin/../lib/gcc/avr/5.4.0/avr5\libgcc.a(_clear_bss.o)
                0x00000076                __do_clear_bss
 *(.init4)
 *(.init5)
 *(.init5)
 *(.init6)
 *(.init6)
 *(.init7)
 *(.init7)
 *(.init8)
 *(.init8)
 *(.init9)
 .init9         0x00000086        0x8 c:/program files (x86)/atmel/studio/7.0/toolchain/avr8/avr8-gnu-toolchain/bin/../lib/gcc/avr/5.4.0/../../../../avr/lib/avr5/crtatmega32.o
 *(.init9)
 *(.text)
 .text          0x0000008e        0x4 c:/program files (x86)/atmel/studio/7.0/toolchain/avr8/avr8-gnu-toolchain/bin/../lib/gcc/avr/5.4.0/../../../../avr/lib/avr5/crtatmega32.o
                0x0000008e                __vector_1
                0x0000008e                __vector_12
                0x0000008e                __bad_interrupt
                0x0000008e                __vector_6
                0x0000008e                __vector_3
                0x0000008e                __vector_17
                0x0000008e                __vector_19
                0x0000008e                __vector_7
                0x0000008e                __vector_5
                0x0000008e                __vector_4
                0x0000008e                __vector_9
                0x0000008e                __vector_2
                0x0000008e                __vector_15
                0x0000008e                __vector_8
                0x0000008e                __vector_14
                0x0000008e                __vector_10
                0x0000008e                __vector_16
                0x0000008e                __vector_18
                0x0000008e                __vector_20
                0x00000092                . = ALIGN (0x2)
 *(.text.*)
 .text.main     0x00000092       0x32 app/main.o
                0x00000092                main
 .text.KEYPAD_Init
                0x000000c4       0x32 HAL/src/KEYPAD.o
                0x000000c4                KEYPAD_Init
 .text.GetKey   0x000000f6       0x6a HAL/src/KEYPAD.o
                0x000000f6                GetKey
 .text.LCD_latch
                0x00000160       0x2a HAL/src/LCD.o
                0x00000160                LCD_latch
 .text.SendToLCD
                0x0000018a       0x54 HAL/src/LCD.o
                0x0000018a                SendToLCD
 .text.LCD_send_cmd
                0x000001de       0x16 HAL/src/LCD.o
                0x000001de                LCD_send_cmd
 .text.LCD_CLEAR
                0x000001f4       0x14 HAL/src/LCD.o
                0x000001f4                LCD_CLEAR
 .text.LCD_ret_Home
                0x00000208       0x14 HAL/src/LCD.o
                0x00000208                LCD_ret_Home
 .text.LCD_init
                0x0000021c       0x4c HAL/src/LCD.o
                0x0000021c                LCD_init
 .text.LCD_send_data
                0x00000268       0x16 HAL/src/LCD.o
                0x00000268                LCD_send_data
 .text.disp_char
                0x0000027e        0x6 HAL/src/LCD.o
                0x0000027e                disp_char
 .text.disp_str
                0x00000284       0x26 HAL/src/LCD.o
                0x00000284                disp_str
 .text.LCD_GOTXY
                0x000002aa       0x1c HAL/src/LCD.o
                0x000002aa                LCD_GOTXY
 .text.disp_charXY
                0x000002c6       0x12 HAL/src/LCD.o
                0x000002c6                disp_charXY
 .text.disp_strXY
                0x000002d8       0x16 HAL/src/LCD.o
                0x000002d8                disp_strXY
 .text.disp_int
                0x000002ee       0x66 HAL/src/LCD.o
                0x000002ee                disp_int
 .text.disp_intXY
                0x00000354       0x22 HAL/src/LCD.o
                0x00000354                disp_intXY
 .text.writePin
                0x00000376      0x12c MCAL/src/DIO.o
                0x00000376                writePin
 .text.pinDirection
                0x000004a2      0x12c MCAL/src/DIO.o
                0x000004a2                pinDirection
 .text.readPin  0x000005ce       0x8a MCAL/src/DIO.o
                0x000005ce                readPin
 .text.writePins
                0x00000658       0x1e MCAL/src/DIO.o
                0x00000658                writePins
 .text.pinsDirection
                0x00000676       0x1e MCAL/src/DIO.o
                0x00000676                pinsDirection
 .text.__vector_11
                0x00000694       0x4a MCAL/src/Timers.o
                0x00000694                __vector_11
 .text.__vector_13
                0x000006de       0x44 MCAL/src/UART.o
                0x000006de                __vector_13
 .text.Project_Init
                0x00000722       0x12 Smart Home/src/SmartHome.o
                0x00000722                Project_Init
 .text.Check_Password
                0x00000734       0x9e Smart Home/src/SmartHome.o
                0x00000734                Check_Password
 .text.Get_Password
                0x000007d2       0x46 Smart Home/src/SmartHome.o
                0x000007d2                Get_Password
 .text.avr-libc
                0x00000818       0x12 c:/program files (x86)/atmel/studio/7.0/toolchain/avr8/avr8-gnu-toolchain/bin/../lib/gcc/avr/5.4.0/../../../../avr/lib/avr5\libc.a(strcmp.o)
                0x00000818                strcmp
 .text.avr-libc
                0x0000082a       0x44 c:/program files (x86)/atmel/studio/7.0/toolchain/avr8/avr8-gnu-toolchain/bin/../lib/gcc/avr/5.4.0/../../../../avr/lib/avr5\libc.a(sprintf.o)
                0x0000082a                sprintf
 .text.avr-libc
                0x0000086e      0x3c2 c:/program files (x86)/atmel/studio/7.0/toolchain/avr8/avr8-gnu-toolchain/bin/../lib/gcc/avr/5.4.0/../../../../avr/lib/avr5\libc.a(vfprintf_std.o)
                0x0000086e                vfprintf
 .text.avr-libc
                0x00000c30       0x16 c:/program files (x86)/atmel/studio/7.0/toolchain/avr8/avr8-gnu-toolchain/bin/../lib/gcc/avr/5.4.0/../../../../avr/lib/avr5\libc.a(strnlen_P.o)
                0x00000c30                strnlen_P
 .text.avr-libc
                0x00000c46       0x16 c:/program files (x86)/atmel/studio/7.0/toolchain/avr8/avr8-gnu-toolchain/bin/../lib/gcc/avr/5.4.0/../../../../avr/lib/avr5\libc.a(strnlen.o)
                0x00000c46                strnlen
 .text.avr-libc
                0x00000c5c       0x78 c:/program files (x86)/atmel/studio/7.0/toolchain/avr8/avr8-gnu-toolchain/bin/../lib/gcc/avr/5.4.0/../../../../avr/lib/avr5\libc.a(fputc.o)
                0x00000c5c                fputc
 .text.avr-libc
                0x00000cd4       0xbc c:/program files (x86)/atmel/studio/7.0/toolchain/avr8/avr8-gnu-toolchain/bin/../lib/gcc/avr/5.4.0/../../../../avr/lib/avr5\libc.a(ultoa_invert.o)
                0x00000cd4                __ultoa_invert
 .text.libgcc.prologue
                0x00000d90       0x38 c:/program files (x86)/atmel/studio/7.0/toolchain/avr8/avr8-gnu-toolchain/bin/../lib/gcc/avr/5.4.0/avr5\libgcc.a(_prologue.o)
                0x00000d90                __prologue_saves__
 .text.libgcc.prologue
                0x00000dc8       0x36 c:/program files (x86)/atmel/studio/7.0/toolchain/avr8/avr8-gnu-toolchain/bin/../lib/gcc/avr/5.4.0/avr5\libgcc.a(_epilogue.o)
                0x00000dc8                __epilogue_restores__
                0x00000dfe                . = ALIGN (0x2)
 *(.fini9)
 .fini9         0x00000dfe        0x0 c:/program files (x86)/atmel/studio/7.0/toolchain/avr8/avr8-gnu-toolchain/bin/../lib/gcc/avr/5.4.0/avr5\libgcc.a(_exit.o)
                0x00000dfe                _exit
                0x00000dfe                exit
 *(.fini9)
 *(.fini8)
 *(.fini8)
 *(.fini7)
 *(.fini7)
 *(.fini6)
 *(.fini6)
 *(.fini5)
 *(.fini5)
 *(.fini4)
 *(.fini4)
 *(.fini3)
 *(.fini3)
 *(.fini2)
 *(.fini2)
 *(.fini1)
 *(.fini1)
 *(.fini0)
 .fini0         0x00000dfe        0x4 c:/program files (x86)/atmel/studio/7.0/toolchain/avr8/avr8-gnu-toolchain/bin/../lib/gcc/avr/5.4.0/avr5\libgcc.a(_exit.o)
 *(.fini0)
                0x00000e02                _etext = .

.data           0x00800060       0x1a load address 0x00000e02
                0x00800060                PROVIDE (__data_start, .)
 *(.data)
 *(.data*)
 .data.key_CHAR
                0x00800060        0xc HAL/src/KEYPAD.o
                0x00800060                key_CHAR
 .data.oldpassword
                0x0080006c        0x5 Smart Home/src/SmartHome.o
 *(.gnu.linkonce.d*)
 *(.rodata)
 *(.rodata*)
 .rodata.str1.1
                0x00800071        0x3 HAL/src/LCD.o
 .rodata.str1.1
                0x00800074        0x5 Smart Home/src/SmartHome.o
 *(.gnu.linkonce.r*)
                0x0080007a                . = ALIGN (0x2)
 *fill*         0x00800079        0x1 
                0x0080007a                _edata = .
                0x0080007a                PROVIDE (__data_end, .)

.bss            0x0080007a       0x6a
                0x0080007a                PROVIDE (__bss_start, .)
 *(.bss)
 *(.bss*)
 .bss.overflow  0x0080007a        0x4 MCAL/src/Timers.o
 .bss.i         0x0080007e        0x1 MCAL/src/UART.o
                0x0080007e                i
 .bss.trials    0x0080007f        0x1 Smart Home/src/SmartHome.o
 *(COMMON)
 COMMON         0x00800080       0x64 MCAL/src/UART.o
                0x00800080                gps
                0x008000e4                PROVIDE (__bss_end, .)
                0x00000e02                __data_load_start = LOADADDR (.data)
                0x00000e1c                __data_load_end = (__data_load_start + SIZEOF (.data))

.noinit         0x008000e4        0x0
                [!provide]                PROVIDE (__noinit_start, .)
 *(.noinit*)
                [!provide]                PROVIDE (__noinit_end, .)
                0x008000e4                _end = .
                [!provide]                PROVIDE (__heap_start, .)

.eeprom         0x00810000        0x0
 *(.eeprom*)
                0x00810000                __eeprom_end = .

.fuse
 *(.fuse)
 *(.lfuse)
 *(.hfuse)
 *(.efuse)

.lock
 *(.lock*)

.signature
 *(.signature*)

.user_signatures
 *(.user_signatures*)

.stab
 *(.stab)

.stabstr
 *(.stabstr)

.stab.excl
 *(.stab.excl)

.stab.exclstr
 *(.stab.exclstr)

.stab.index
 *(.stab.index)

.stab.indexstr
 *(.stab.indexstr)

.comment        0x00000000       0x5c
 *(.comment)
 .comment       0x00000000       0x30 app/main.o
                                 0x31 (size before relaxing)
 .comment       0x00000030       0x31 HAL/src/KEYPAD.o
 .comment       0x00000030       0x31 HAL/src/LCD.o
 .comment       0x00000030       0x31 MCAL/src/DIO.o
 .comment       0x00000030       0x31 MCAL/src/Timers.o
 .comment       0x00000030       0x31 MCAL/src/UART.o
 .comment       0x00000030       0x31 Smart Home/src/SmartHome.o
 .comment       0x00000030       0x31 c:/program files (x86)/atmel/studio/7.0/toolchain/avr8/avr8-gnu-toolchain/bin/../lib/gcc/avr/5.4.0/../../../../avr/lib/avr5\libc.a(sprintf.o)
 .comment       0x00000030       0x2c c:/program files (x86)/atmel/studio/7.0/toolchain/avr8/avr8-gnu-toolchain/bin/../lib/gcc/avr/5.4.0/../../../../avr/lib/avr5\libc.a(vfprintf_std.o)
                                 0x2d (size before relaxing)
 .comment       0x0000005c       0x31 c:/program files (x86)/atmel/studio/7.0/toolchain/avr8/avr8-gnu-toolchain/bin/../lib/gcc/avr/5.4.0/../../../../avr/lib/avr5\libc.a(fputc.o)

.note.gnu.avr.deviceinfo
                0x00000000       0x3c
 .note.gnu.avr.deviceinfo
                0x00000000       0x3c c:/program files (x86)/atmel/studio/7.0/toolchain/avr8/avr8-gnu-toolchain/bin/../lib/gcc/avr/5.4.0/../../../../avr/lib/avr5/crtatmega32.o

.note.gnu.build-id
 *(.note.gnu.build-id)

.debug
 *(.debug)

.line
 *(.line)

.debug_srcinfo
 *(.debug_srcinfo)

.debug_sfnames
 *(.debug_sfnames)

.debug_aranges  0x00000000      0x1e8
 *(.debug_aranges)
 .debug_aranges
                0x00000000       0x20 app/main.o
 .debug_aranges
                0x00000020       0x28 HAL/src/KEYPAD.o
 .debug_aranges
                0x00000048       0x88 HAL/src/LCD.o
 .debug_aranges
                0x000000d0       0x50 MCAL/src/DIO.o
 .debug_aranges
                0x00000120       0x60 MCAL/src/Timers.o
 .debug_aranges
                0x00000180       0x38 MCAL/src/UART.o
 .debug_aranges
                0x000001b8       0x30 Smart Home/src/SmartHome.o

.debug_pubnames
 *(.debug_pubnames)

.debug_info     0x00000000     0x2b79
 *(.debug_info .gnu.linkonce.wi.*)
 .debug_info    0x00000000      0x4e6 c:/program files (x86)/atmel/studio/7.0/toolchain/avr8/avr8-gnu-toolchain/bin/../lib/gcc/avr/5.4.0/../../../../avr/lib/avr5/crtatmega32.o
 .debug_info    0x000004e6      0x335 app/main.o
 .debug_info    0x0000081b      0x4a6 HAL/src/KEYPAD.o
 .debug_info    0x00000cc1      0xaa2 HAL/src/LCD.o
 .debug_info    0x00001763      0x597 MCAL/src/DIO.o
 .debug_info    0x00001cfa      0x44b MCAL/src/Timers.o
 .debug_info    0x00002145      0x3a5 MCAL/src/UART.o
 .debug_info    0x000024ea      0x68f Smart Home/src/SmartHome.o

.debug_abbrev   0x00000000      0xd5a
 *(.debug_abbrev)
 .debug_abbrev  0x00000000      0x4a3 c:/program files (x86)/atmel/studio/7.0/toolchain/avr8/avr8-gnu-toolchain/bin/../lib/gcc/avr/5.4.0/../../../../avr/lib/avr5/crtatmega32.o
 .debug_abbrev  0x000004a3       0xdd app/main.o
 .debug_abbrev  0x00000580       0xf8 HAL/src/KEYPAD.o
 .debug_abbrev  0x00000678      0x1dc HAL/src/LCD.o
 .debug_abbrev  0x00000854       0xfa MCAL/src/DIO.o
 .debug_abbrev  0x0000094e      0x11b MCAL/src/Timers.o
 .debug_abbrev  0x00000a69      0x131 MCAL/src/UART.o
 .debug_abbrev  0x00000b9a      0x1c0 Smart Home/src/SmartHome.o

.debug_line     0x00000000      0xeb9
 *(.debug_line .debug_line.* .debug_line_end)
 .debug_line    0x00000000       0x1a c:/program files (x86)/atmel/studio/7.0/toolchain/avr8/avr8-gnu-toolchain/bin/../lib/gcc/avr/5.4.0/../../../../avr/lib/avr5/crtatmega32.o
 .debug_line    0x0000001a       0xe4 app/main.o
 .debug_line    0x000000fe      0x128 HAL/src/KEYPAD.o
 .debug_line    0x00000226      0x39c HAL/src/LCD.o
 .debug_line    0x000005c2      0x27f MCAL/src/DIO.o
 .debug_line    0x00000841      0x27c MCAL/src/Timers.o
 .debug_line    0x00000abd      0x192 MCAL/src/UART.o
 .debug_line    0x00000c4f      0x26a Smart Home/src/SmartHome.o

.debug_frame    0x00000000      0x404
 *(.debug_frame)
 .debug_frame   0x00000000       0x34 app/main.o
 .debug_frame   0x00000034       0x40 HAL/src/KEYPAD.o
 .debug_frame   0x00000074      0x160 HAL/src/LCD.o
 .debug_frame   0x000001d4       0x84 MCAL/src/DIO.o
 .debug_frame   0x00000258       0xd8 MCAL/src/Timers.o
 .debug_frame   0x00000330       0x74 MCAL/src/UART.o
 .debug_frame   0x000003a4       0x60 Smart Home/src/SmartHome.o

.debug_str      0x00000000      0x806
 *(.debug_str)
 .debug_str     0x00000000      0x196 c:/program files (x86)/atmel/studio/7.0/toolchain/avr8/avr8-gnu-toolchain/bin/../lib/gcc/avr/5.4.0/../../../../avr/lib/avr5/crtatmega32.o
 .debug_str     0x00000196      0x2ee app/main.o
                                0x33c (size before relaxing)
 .debug_str     0x00000484       0x5f HAL/src/KEYPAD.o
                                0x35c (size before relaxing)
 .debug_str     0x000004e3      0x11b HAL/src/LCD.o
                                0x457 (size before relaxing)
 .debug_str     0x000005fe       0x73 MCAL/src/DIO.o
                                0x396 (size before relaxing)
 .debug_str     0x00000671       0xdb MCAL/src/Timers.o
                                0x3c3 (size before relaxing)
 .debug_str     0x0000074c       0x60 MCAL/src/UART.o
                                0x35e (size before relaxing)
 .debug_str     0x000007ac       0x5a Smart Home/src/SmartHome.o
                                0x40a (size before relaxing)

.debug_loc      0x00000000      0xfec
 *(.debug_loc)
 .debug_loc     0x00000000       0x48 app/main.o
 .debug_loc     0x00000048       0x99 HAL/src/KEYPAD.o
 .debug_loc     0x000000e1      0x647 HAL/src/LCD.o
 .debug_loc     0x00000728      0x4d0 MCAL/src/DIO.o
 .debug_loc     0x00000bf8      0x16f MCAL/src/Timers.o
 .debug_loc     0x00000d67       0xad MCAL/src/UART.o
 .debug_loc     0x00000e14      0x1d8 Smart Home/src/SmartHome.o

.debug_macinfo
 *(.debug_macinfo)

.debug_weaknames
 *(.debug_weaknames)

.debug_funcnames
 *(.debug_funcnames)

.debug_typenames
 *(.debug_typenames)

.debug_varnames
 *(.debug_varnames)

.debug_pubtypes
 *(.debug_pubtypes)

.debug_ranges   0x00000000      0x178
 *(.debug_ranges)
 .debug_ranges  0x00000000       0x10 app/main.o
 .debug_ranges  0x00000010       0x18 HAL/src/KEYPAD.o
 .debug_ranges  0x00000028       0x78 HAL/src/LCD.o
 .debug_ranges  0x000000a0       0x40 MCAL/src/DIO.o
 .debug_ranges  0x000000e0       0x50 MCAL/src/Timers.o
 .debug_ranges  0x00000130       0x28 MCAL/src/UART.o
 .debug_ranges  0x00000158       0x20 Smart Home/src/SmartHome.o

.debug_macro
 *(.debug_macro)
OUTPUT(Atmega32 drivers.elf elf32-avr)
LOAD linker stubs
